INFO:birdwatch.runner:scorer python version: 3.10.19 (main, Oct  9 2025, 15:25:03) [Clang 16.0.0 (clang-1600.0.26.6)]
INFO:birdwatch.runner:scorer pandas version: 2.2.2
INFO:birdwatch.runner:beginning scorer execution
Patching pandas
Traceback (most recent call last):
  File "/Users/canbo/INFO494/494-algo-representations/communitynotes/scoring/src/scoring/process_data.py", line 90, in tsv_parser
    raise ValueError(f"Expected {len(columns)} columns, but got {num_fields}")
ValueError: Expected 23 columns, but got 24

During handling of the above exception, another exception occurred:

Traceback (most recent call last):
  File "/Users/canbo/INFO494/494-algo-representations/communitynotes/scoring/src/main.py", line 31, in <module>
    main()
  File "/Users/canbo/INFO494/494-algo-representations/communitynotes/scoring/src/scoring/runner.py", line 278, in main
    return _run_scorer(args=args, dataLoader=dataLoader, extraScoringArgs=extraScoringArgs)
  File "/Users/canbo/INFO494/494-algo-representations/communitynotes/scoring/src/scoring/pandas_utils.py", line 722, in _inner
    retVal = main(*args, **kwargs)
  File "/Users/canbo/INFO494/494-algo-representations/communitynotes/scoring/src/scoring/runner.py", line 201, in _run_scorer
    notes, ratings, statusHistory, userEnrollment = dataLoader.get_data()
  File "/Users/canbo/INFO494/494-algo-representations/communitynotes/scoring/src/scoring/process_data.py", line 699, in get_data
    notes, ratings, noteStatusHistory, userEnrollment = read_from_tsv(
  File "/Users/canbo/INFO494/494-algo-representations/communitynotes/scoring/src/scoring/process_data.py", line 193, in read_from_tsv
    notes = tsv_reader(
  File "/Users/canbo/INFO494/494-algo-representations/communitynotes/scoring/src/scoring/process_data.py", line 167, in tsv_reader
    return tsv_reader_single(
  File "/Users/canbo/INFO494/494-algo-representations/communitynotes/scoring/src/scoring/process_data.py", line 145, in tsv_reader_single
    return tsv_parser(handle.read(), mapping, columns, header, convertNAToNone=convertNAToNone)
  File "/Users/canbo/INFO494/494-algo-representations/communitynotes/scoring/src/scoring/process_data.py", line 137, in tsv_parser
    raise ValueError(f"Invalid input: {e}")
ValueError: Invalid input: Expected 23 columns, but got 24
